// Vitest Snapshot v1, https://vitest.dev/guide/snapshot.html

exports[`Button > should render correctly 1`] = `
<div>
  <div
    class="_Button_2a1efe _Button__undefined_2a1efe"
  />
</div>
`;
